// Vitest Snapshot v1, https://vitest.dev/guide/snapshot.html

exports[`SpeciesPage Snapshot > matches snapshot after data loads 1`] = `
<div>
  <div
    class="species-page"
  >
    <section>
      <div
        class="page-header"
      >
        <h1>
          Species Information
        </h1>
        <p>
          Understanding Your Species
        </p>
      </div>
    </section>
    <section>
      <div
        class="species-search"
      >
        <label
          class="search-label"
        >
          Search species
        </label>
        <div
          class="search-row"
        >
          <input
            class="search-input"
            placeholder="Enter keywords like '2000mm' or 'boundary systems"
            type="text"
            value=""
          />
          <button
            class="btn-primary search-btn"
          >
            <span
              class="search-icon"
            >
              🔍
            </span>
            <span>
              Search
            </span>
          </button>
        </div>
      </div>
    </section>
    <p
      class="species-empty"
    >
      No species found matching your criteria.
    </p>
  </div>
</div>
`;
